> # Test adding ways and getting basic info
> # Empty state
> clear_ways
All routes removed.
> all_ways
No ways!
> # Add ways
> add_way First (0,0) (10,0)
Added way First with coords: (0,0) (10,0)
1. (0,0) way First
2. (10,0)
> all_ways
1. First
> add_way Second (10,0) (5,5) (10,10)
Added way Second with coords: (10,0) (5,5) (10,10)
1. (10,0) way Second
2. (10,10)
> all_ways
1. First
2. Second
> # Test getters
> get_way_coords First
Way Way id First has coords:
(0,0)
(10,0)

> get_way_coords Second
Way Way id Second has coords:
(10,0)
(5,5)
(10,10)

> get_ways_from (0,0)
1. (10,0) way First 
> get_ways_from (10,0)
1. (0,0) way First 
2. (10,10) way Second 
> get_ways_from (10,10)
1. (10,0) way Second 
> # Test a loop
> add_way Loop (0,3) (3,5) (0,5) (0,3)
Added way Loop with coords: (0,3) (3,5) (0,5) (0,3)
1. (0,3) way Loop
2. (0,3)
> get_ways_from (0,3)
1. (0,3) way Loop 
> # Test invalid getters
> get_way_coords None
Way Way id None has coords:
(--NO_COORD--)

> get_ways_from (0,10)
No ways from coord (0,10)
> get_ways_from (5,5)
No ways from coord (5,5)
> # Clear and test
> clear_ways
All routes removed.
> all_ways
No ways!
> # Test a now removed way and crossroad
> get_way_coords First
Way Way id First has coords:
(--NO_COORD--)

> get_ways_from (0,0)
No ways from coord (0,0)
> 
